11-11 13:03:56 com_github_MitjaNemec_Archive3DModels.action_archive_3d_models 238:Plugin executed on: 'win32'
11-11 13:03:56 com_github_MitjaNemec_Archive3DModels.action_archive_3d_models 239:Plugin executed with python version: '3.11.5 (main, Sep 17 2025, 01:04:48) [MSC v.1944 64 bit (AMD64)]'
11-11 13:03:56 com_github_MitjaNemec_Archive3DModels.action_archive_3d_models 240:KiCad build version: 9.0.5
11-11 13:03:56 com_github_MitjaNemec_Archive3DModels.action_archive_3d_models 241:Plugin version: 1.0.15
11-11 13:03:56 com_github_MitjaNemec_Archive3DModels.action_archive_3d_models 246:Screen sizes: [wx.Size(1920, 1080)]
11-11 13:03:56 com_github_MitjaNemec_Archive3DModels.action_archive_3d_models 253:Dialog size: wx.Size(213, 81)
11-11 13:03:56 com_github_MitjaNemec_Archive3DModels.action_archive_3d_models 255:Char size: 15
11-11 13:04:02 com_github_MitjaNemec_Archive3DModels.archive_3d_models 30:Starting to archive 3D models
11-11 13:04:02 com_github_MitjaNemec_Archive3DModels.archive_3d_models 51:Getting 3D models for footprint of: D4
11-11 13:04:02 com_github_MitjaNemec_Archive3DModels.archive_3d_models 63:Trying to copy: ${KICAD9_3DMODEL_DIR}/Diode_SMD.3dshapes/D_MELF.step
11-11 13:04:02 com_github_MitjaNemec_Archive3DModels.archive_3d_models 150:Remapping: ${KICAD9_3DMODEL_DIR}/Diode_SMD.3dshapes/D_MELF.step
11-11 13:04:02 com_github_MitjaNemec_Archive3DModels.archive_3d_models 51:Getting 3D models for footprint of: R10
11-11 13:04:02 com_github_MitjaNemec_Archive3DModels.archive_3d_models 63:Trying to copy: ${KICAD9_3DMODEL_DIR}/Resistor_SMD.3dshapes/R_1206_3216Metric.step
11-11 13:04:02 com_github_MitjaNemec_Archive3DModels.archive_3d_models 150:Remapping: ${KICAD9_3DMODEL_DIR}/Resistor_SMD.3dshapes/R_1206_3216Metric.step
11-11 13:04:02 com_github_MitjaNemec_Archive3DModels.archive_3d_models 51:Getting 3D models for footprint of: H3
11-11 13:04:02 com_github_MitjaNemec_Archive3DModels.archive_3d_models 51:Getting 3D models for footprint of: J1
11-11 13:04:02 com_github_MitjaNemec_Archive3DModels.archive_3d_models 63:Trying to copy: C:/Users/lauwe/Downloads/1054500101/1054500101.step
11-11 13:04:03 com_github_MitjaNemec_Archive3DModels.archive_3d_models 150:Remapping: C:/Users/lauwe/Downloads/1054500101/1054500101.step
11-11 13:04:03 com_github_MitjaNemec_Archive3DModels.archive_3d_models 51:Getting 3D models for footprint of: Q1
11-11 13:04:03 com_github_MitjaNemec_Archive3DModels.archive_3d_models 63:Trying to copy: ${KICAD9_3DMODEL_DIR}/Package_TO_SOT_SMD.3dshapes/SOT-223.step
11-11 13:04:03 com_github_MitjaNemec_Archive3DModels.archive_3d_models 150:Remapping: ${KICAD9_3DMODEL_DIR}/Package_TO_SOT_SMD.3dshapes/SOT-223.step
11-11 13:04:03 com_github_MitjaNemec_Archive3DModels.archive_3d_models 51:Getting 3D models for footprint of: EN1
11-11 13:04:03 com_github_MitjaNemec_Archive3DModels.archive_3d_models 63:Trying to copy: C:/Users/lauwe/Downloads/1825910-6--3DModel-STEP-418109.STEP
11-11 13:04:03 com_github_MitjaNemec_Archive3DModels.archive_3d_models 150:Remapping: C:/Users/lauwe/Downloads/1825910-6--3DModel-STEP-418109.STEP
11-11 13:04:03 com_github_MitjaNemec_Archive3DModels.archive_3d_models 51:Getting 3D models for footprint of: R9
11-11 13:04:03 com_github_MitjaNemec_Archive3DModels.archive_3d_models 63:Trying to copy: ${KICAD9_3DMODEL_DIR}/Resistor_SMD.3dshapes/R_1206_3216Metric.step
11-11 13:04:03 com_github_MitjaNemec_Archive3DModels.archive_3d_models 146:Did not copy: ${KICAD9_3DMODEL_DIR}/Resistor_SMD.3dshapes/R_1206_3216Metric.step
11-11 13:04:03 com_github_MitjaNemec_Archive3DModels.archive_3d_models 150:Remapping: ${KICAD9_3DMODEL_DIR}/Resistor_SMD.3dshapes/R_1206_3216Metric.step
11-11 13:04:03 com_github_MitjaNemec_Archive3DModels.archive_3d_models 51:Getting 3D models for footprint of: R12
11-11 13:04:03 com_github_MitjaNemec_Archive3DModels.archive_3d_models 63:Trying to copy: ${KICAD9_3DMODEL_DIR}/Resistor_SMD.3dshapes/R_1206_3216Metric.step
11-11 13:04:03 com_github_MitjaNemec_Archive3DModels.archive_3d_models 146:Did not copy: ${KICAD9_3DMODEL_DIR}/Resistor_SMD.3dshapes/R_1206_3216Metric.step
11-11 13:04:03 com_github_MitjaNemec_Archive3DModels.archive_3d_models 150:Remapping: ${KICAD9_3DMODEL_DIR}/Resistor_SMD.3dshapes/R_1206_3216Metric.step
11-11 13:04:03 com_github_MitjaNemec_Archive3DModels.archive_3d_models 51:Getting 3D models for footprint of: R8
11-11 13:04:03 com_github_MitjaNemec_Archive3DModels.archive_3d_models 63:Trying to copy: ${KICAD9_3DMODEL_DIR}/Resistor_SMD.3dshapes/R_1206_3216Metric.step
11-11 13:04:03 com_github_MitjaNemec_Archive3DModels.archive_3d_models 146:Did not copy: ${KICAD9_3DMODEL_DIR}/Resistor_SMD.3dshapes/R_1206_3216Metric.step
11-11 13:04:03 com_github_MitjaNemec_Archive3DModels.archive_3d_models 150:Remapping: ${KICAD9_3DMODEL_DIR}/Resistor_SMD.3dshapes/R_1206_3216Metric.step
11-11 13:04:03 com_github_MitjaNemec_Archive3DModels.archive_3d_models 51:Getting 3D models for footprint of: kibuzzard-69131E5B
11-11 13:04:03 com_github_MitjaNemec_Archive3DModels.archive_3d_models 51:Getting 3D models for footprint of: D3
11-11 13:04:03 com_github_MitjaNemec_Archive3DModels.archive_3d_models 63:Trying to copy: ${KICAD9_3DMODEL_DIR}/LED_SMD.3dshapes/LED_1206_3216Metric.step
11-11 13:04:03 com_github_MitjaNemec_Archive3DModels.archive_3d_models 150:Remapping: ${KICAD9_3DMODEL_DIR}/LED_SMD.3dshapes/LED_1206_3216Metric.step
11-11 13:04:03 com_github_MitjaNemec_Archive3DModels.archive_3d_models 51:Getting 3D models for footprint of: J5
11-11 13:04:03 com_github_MitjaNemec_Archive3DModels.archive_3d_models 63:Trying to copy: C:/Users/lauwe/Downloads/6130XX11821_61300811821/6130XX11821_61300811821.step
11-11 13:04:03 com_github_MitjaNemec_Archive3DModels.archive_3d_models 150:Remapping: C:/Users/lauwe/Downloads/6130XX11821_61300811821/6130XX11821_61300811821.step
11-11 13:04:03 com_github_MitjaNemec_Archive3DModels.archive_3d_models 51:Getting 3D models for footprint of: F1
11-11 13:04:03 com_github_MitjaNemec_Archive3DModels.archive_3d_models 63:Trying to copy: C:/Users/lauwe/Downloads/3526/3526.step
11-11 13:04:03 com_github_MitjaNemec_Archive3DModels.archive_3d_models 150:Remapping: C:/Users/lauwe/Downloads/3526/3526.step
11-11 13:04:03 com_github_MitjaNemec_Archive3DModels.archive_3d_models 51:Getting 3D models for footprint of: U1
11-11 13:04:03 com_github_MitjaNemec_Archive3DModels.archive_3d_models 63:Trying to copy: C:/Users/lauwe/Downloads/ESP32-WROOM-32--3DModel-STEP-1.STEP
11-11 13:04:03 com_github_MitjaNemec_Archive3DModels.archive_3d_models 150:Remapping: C:/Users/lauwe/Downloads/ESP32-WROOM-32--3DModel-STEP-1.STEP
11-11 13:04:03 com_github_MitjaNemec_Archive3DModels.archive_3d_models 51:Getting 3D models for footprint of: KEUZE1
11-11 13:04:03 com_github_MitjaNemec_Archive3DModels.archive_3d_models 63:Trying to copy: C:/Users/lauwe/Downloads/1825910-6--3DModel-STEP-418109.STEP
11-11 13:04:03 com_github_MitjaNemec_Archive3DModels.archive_3d_models 150:Remapping: C:/Users/lauwe/Downloads/1825910-6--3DModel-STEP-418109.STEP
11-11 13:04:03 com_github_MitjaNemec_Archive3DModels.archive_3d_models 51:Getting 3D models for footprint of: kibuzzard-69131EBA
11-11 13:04:03 com_github_MitjaNemec_Archive3DModels.archive_3d_models 51:Getting 3D models for footprint of: R11
11-11 13:04:03 com_github_MitjaNemec_Archive3DModels.archive_3d_models 63:Trying to copy: ${KICAD9_3DMODEL_DIR}/Resistor_SMD.3dshapes/R_1206_3216Metric.step
11-11 13:04:03 com_github_MitjaNemec_Archive3DModels.archive_3d_models 146:Did not copy: ${KICAD9_3DMODEL_DIR}/Resistor_SMD.3dshapes/R_1206_3216Metric.step
11-11 13:04:03 com_github_MitjaNemec_Archive3DModels.archive_3d_models 150:Remapping: ${KICAD9_3DMODEL_DIR}/Resistor_SMD.3dshapes/R_1206_3216Metric.step
11-11 13:04:03 com_github_MitjaNemec_Archive3DModels.archive_3d_models 51:Getting 3D models for footprint of: R6
11-11 13:04:03 com_github_MitjaNemec_Archive3DModels.archive_3d_models 63:Trying to copy: ${KICAD9_3DMODEL_DIR}/Resistor_SMD.3dshapes/R_1206_3216Metric.step
11-11 13:04:03 com_github_MitjaNemec_Archive3DModels.archive_3d_models 146:Did not copy: ${KICAD9_3DMODEL_DIR}/Resistor_SMD.3dshapes/R_1206_3216Metric.step
11-11 13:04:03 com_github_MitjaNemec_Archive3DModels.archive_3d_models 150:Remapping: ${KICAD9_3DMODEL_DIR}/Resistor_SMD.3dshapes/R_1206_3216Metric.step
11-11 13:04:03 com_github_MitjaNemec_Archive3DModels.archive_3d_models 51:Getting 3D models for footprint of: J2
11-11 13:04:03 com_github_MitjaNemec_Archive3DModels.archive_3d_models 63:Trying to copy: C:/Users/lauwe/Downloads/6130XX11821_61300811821/6130XX11821_61300811821.step
11-11 13:04:03 com_github_MitjaNemec_Archive3DModels.archive_3d_models 150:Remapping: C:/Users/lauwe/Downloads/6130XX11821_61300811821/6130XX11821_61300811821.step
11-11 13:04:03 com_github_MitjaNemec_Archive3DModels.archive_3d_models 51:Getting 3D models for footprint of: FLASH1
11-11 13:04:03 com_github_MitjaNemec_Archive3DModels.archive_3d_models 63:Trying to copy: C:/Users/lauwe/Downloads/1825910-6--3DModel-STEP-418109.STEP
11-11 13:04:03 com_github_MitjaNemec_Archive3DModels.archive_3d_models 150:Remapping: C:/Users/lauwe/Downloads/1825910-6--3DModel-STEP-418109.STEP
11-11 13:04:03 com_github_MitjaNemec_Archive3DModels.archive_3d_models 51:Getting 3D models for footprint of: U2
11-11 13:04:03 com_github_MitjaNemec_Archive3DModels.archive_3d_models 63:Trying to copy: ${KICAD9_3DMODEL_DIR}/Package_DFN_QFN.3dshapes/QFN-24-1EP_4x4mm_P0.5mm_EP2.6x2.6mm.step
11-11 13:04:03 com_github_MitjaNemec_Archive3DModels.archive_3d_models 150:Remapping: ${KICAD9_3DMODEL_DIR}/Package_DFN_QFN.3dshapes/QFN-24-1EP_4x4mm_P0.5mm_EP2.6x2.6mm.step
11-11 13:04:03 com_github_MitjaNemec_Archive3DModels.archive_3d_models 51:Getting 3D models for footprint of: C4
11-11 13:04:03 com_github_MitjaNemec_Archive3DModels.archive_3d_models 63:Trying to copy: ${KICAD9_3DMODEL_DIR}/Resistor_SMD.3dshapes/R_1206_3216Metric.step
11-11 13:04:03 com_github_MitjaNemec_Archive3DModels.archive_3d_models 146:Did not copy: ${KICAD9_3DMODEL_DIR}/Resistor_SMD.3dshapes/R_1206_3216Metric.step
11-11 13:04:03 com_github_MitjaNemec_Archive3DModels.archive_3d_models 150:Remapping: ${KICAD9_3DMODEL_DIR}/Resistor_SMD.3dshapes/R_1206_3216Metric.step
11-11 13:04:03 com_github_MitjaNemec_Archive3DModels.archive_3d_models 51:Getting 3D models for footprint of: R3
11-11 13:04:03 com_github_MitjaNemec_Archive3DModels.archive_3d_models 63:Trying to copy: ${KICAD9_3DMODEL_DIR}/Resistor_SMD.3dshapes/R_1206_3216Metric.step
11-11 13:04:03 com_github_MitjaNemec_Archive3DModels.archive_3d_models 146:Did not copy: ${KICAD9_3DMODEL_DIR}/Resistor_SMD.3dshapes/R_1206_3216Metric.step
11-11 13:04:03 com_github_MitjaNemec_Archive3DModels.archive_3d_models 150:Remapping: ${KICAD9_3DMODEL_DIR}/Resistor_SMD.3dshapes/R_1206_3216Metric.step
11-11 13:04:03 com_github_MitjaNemec_Archive3DModels.archive_3d_models 51:Getting 3D models for footprint of: R1
11-11 13:04:03 com_github_MitjaNemec_Archive3DModels.archive_3d_models 63:Trying to copy: ${KICAD9_3DMODEL_DIR}/Resistor_SMD.3dshapes/R_1206_3216Metric.step
11-11 13:04:03 com_github_MitjaNemec_Archive3DModels.archive_3d_models 146:Did not copy: ${KICAD9_3DMODEL_DIR}/Resistor_SMD.3dshapes/R_1206_3216Metric.step
11-11 13:04:03 com_github_MitjaNemec_Archive3DModels.archive_3d_models 150:Remapping: ${KICAD9_3DMODEL_DIR}/Resistor_SMD.3dshapes/R_1206_3216Metric.step
11-11 13:04:03 com_github_MitjaNemec_Archive3DModels.archive_3d_models 51:Getting 3D models for footprint of: H4
11-11 13:04:03 com_github_MitjaNemec_Archive3DModels.archive_3d_models 51:Getting 3D models for footprint of: R2
11-11 13:04:03 com_github_MitjaNemec_Archive3DModels.archive_3d_models 63:Trying to copy: ${KICAD9_3DMODEL_DIR}/Resistor_SMD.3dshapes/R_1206_3216Metric.step
11-11 13:04:03 com_github_MitjaNemec_Archive3DModels.archive_3d_models 146:Did not copy: ${KICAD9_3DMODEL_DIR}/Resistor_SMD.3dshapes/R_1206_3216Metric.step
11-11 13:04:03 com_github_MitjaNemec_Archive3DModels.archive_3d_models 150:Remapping: ${KICAD9_3DMODEL_DIR}/Resistor_SMD.3dshapes/R_1206_3216Metric.step
11-11 13:04:03 com_github_MitjaNemec_Archive3DModels.archive_3d_models 51:Getting 3D models for footprint of: R7
11-11 13:04:03 com_github_MitjaNemec_Archive3DModels.archive_3d_models 63:Trying to copy: ${KICAD9_3DMODEL_DIR}/Resistor_SMD.3dshapes/R_1206_3216Metric.step
11-11 13:04:03 com_github_MitjaNemec_Archive3DModels.archive_3d_models 146:Did not copy: ${KICAD9_3DMODEL_DIR}/Resistor_SMD.3dshapes/R_1206_3216Metric.step
11-11 13:04:03 com_github_MitjaNemec_Archive3DModels.archive_3d_models 150:Remapping: ${KICAD9_3DMODEL_DIR}/Resistor_SMD.3dshapes/R_1206_3216Metric.step
11-11 13:04:03 com_github_MitjaNemec_Archive3DModels.archive_3d_models 51:Getting 3D models for footprint of: H2
11-11 13:04:03 com_github_MitjaNemec_Archive3DModels.archive_3d_models 51:Getting 3D models for footprint of: J4
11-11 13:04:03 com_github_MitjaNemec_Archive3DModels.archive_3d_models 63:Trying to copy: C:/Users/lauwe/Downloads/691253910002/691253910002.step
11-11 13:04:03 com_github_MitjaNemec_Archive3DModels.archive_3d_models 150:Remapping: C:/Users/lauwe/Downloads/691253910002/691253910002.step
11-11 13:04:03 com_github_MitjaNemec_Archive3DModels.archive_3d_models 51:Getting 3D models for footprint of: R5
11-11 13:04:03 com_github_MitjaNemec_Archive3DModels.archive_3d_models 63:Trying to copy: ${KICAD9_3DMODEL_DIR}/Resistor_SMD.3dshapes/R_1206_3216Metric.step
11-11 13:04:03 com_github_MitjaNemec_Archive3DModels.archive_3d_models 146:Did not copy: ${KICAD9_3DMODEL_DIR}/Resistor_SMD.3dshapes/R_1206_3216Metric.step
11-11 13:04:03 com_github_MitjaNemec_Archive3DModels.archive_3d_models 150:Remapping: ${KICAD9_3DMODEL_DIR}/Resistor_SMD.3dshapes/R_1206_3216Metric.step
11-11 13:04:03 com_github_MitjaNemec_Archive3DModels.archive_3d_models 51:Getting 3D models for footprint of: R4
11-11 13:04:03 com_github_MitjaNemec_Archive3DModels.archive_3d_models 63:Trying to copy: ${KICAD9_3DMODEL_DIR}/Resistor_SMD.3dshapes/R_1206_3216Metric.step
11-11 13:04:03 com_github_MitjaNemec_Archive3DModels.archive_3d_models 146:Did not copy: ${KICAD9_3DMODEL_DIR}/Resistor_SMD.3dshapes/R_1206_3216Metric.step
11-11 13:04:03 com_github_MitjaNemec_Archive3DModels.archive_3d_models 150:Remapping: ${KICAD9_3DMODEL_DIR}/Resistor_SMD.3dshapes/R_1206_3216Metric.step
11-11 13:04:03 com_github_MitjaNemec_Archive3DModels.archive_3d_models 51:Getting 3D models for footprint of: H1
11-11 13:04:03 com_github_MitjaNemec_Archive3DModels.archive_3d_models 51:Getting 3D models for footprint of: J3
11-11 13:04:03 com_github_MitjaNemec_Archive3DModels.archive_3d_models 63:Trying to copy: C:/Users/lauwe/Downloads/691253910002/691253910002.step
11-11 13:04:03 com_github_MitjaNemec_Archive3DModels.archive_3d_models 150:Remapping: C:/Users/lauwe/Downloads/691253910002/691253910002.step
11-11 13:04:03 com_github_MitjaNemec_Archive3DModels.archive_3d_models 51:Getting 3D models for footprint of: D2
11-11 13:04:03 com_github_MitjaNemec_Archive3DModels.archive_3d_models 63:Trying to copy: ${KICAD9_3DMODEL_DIR}/LED_SMD.3dshapes/LED_1206_3216Metric.step
11-11 13:04:03 com_github_MitjaNemec_Archive3DModels.archive_3d_models 146:Did not copy: ${KICAD9_3DMODEL_DIR}/LED_SMD.3dshapes/LED_1206_3216Metric.step
11-11 13:04:03 com_github_MitjaNemec_Archive3DModels.archive_3d_models 150:Remapping: ${KICAD9_3DMODEL_DIR}/LED_SMD.3dshapes/LED_1206_3216Metric.step
11-11 13:04:03 com_github_MitjaNemec_Archive3DModels.archive_3d_models 164:Did not succeed to copy 3D models!
('R9', '${KICAD9_3DMODEL_DIR}\\Resistor_SMD.3dshapes\\R_1206_3216Metric.step')
('R12', '${KICAD9_3DMODEL_DIR}\\Resistor_SMD.3dshapes\\R_1206_3216Metric.step')
('R8', '${KICAD9_3DMODEL_DIR}\\Resistor_SMD.3dshapes\\R_1206_3216Metric.step')
('R11', '${KICAD9_3DMODEL_DIR}\\Resistor_SMD.3dshapes\\R_1206_3216Metric.step')
('R6', '${KICAD9_3DMODEL_DIR}\\Resistor_SMD.3dshapes\\R_1206_3216Metric.step')
('C4', '${KICAD9_3DMODEL_DIR}\\Resistor_SMD.3dshapes\\R_1206_3216Metric.step')
('R3', '${KICAD9_3DMODEL_DIR}\\Resistor_SMD.3dshapes\\R_1206_3216Metric.step')
('R1', '${KICAD9_3DMODEL_DIR}\\Resistor_SMD.3dshapes\\R_1206_3216Metric.step')
('R2', '${KICAD9_3DMODEL_DIR}\\Resistor_SMD.3dshapes\\R_1206_3216Metric.step')
('R7', '${KICAD9_3DMODEL_DIR}\\Resistor_SMD.3dshapes\\R_1206_3216Metric.step')
('R5', '${KICAD9_3DMODEL_DIR}\\Resistor_SMD.3dshapes\\R_1206_3216Metric.step')
('R4', '${KICAD9_3DMODEL_DIR}\\Resistor_SMD.3dshapes\\R_1206_3216Metric.step')
('D2', '${KICAD9_3DMODEL_DIR}\\LED_SMD.3dshapes\\LED_1206_3216Metric.step')
